// Jest Snapshot v1, https://goo.gl/fbAQLP

exports[`should pass fixtures transforms ./fixtures/interface-schema.ts 1`] = `"export const testVariable = 'foo';"`;
